   Compiling heyo v0.1.0 (/Users/justinasrimavicius/Documents/heyorace)
warning: unused variable: `wpm`
   --> src/host.rs:110:10
    |
110 |     let (wpm, accuracy) = statistics(
    |          ^^^ help: if this is intentional, prefix it with an underscore: `_wpm`
    |
    = note: `#[warn(unused_variables)]` (part of `#[warn(unused)]`) on by default

warning: unused variable: `accuracy`
   --> src/host.rs:110:15
    |
110 |     let (wpm, accuracy) = statistics(
    |               ^^^^^^^^ help: if this is intentional, prefix it with an underscore: `_accuracy`

warning: value assigned to `cursor_row` is never read
  --> src/host.rs:36:26
   |
36 |       let mut cursor_row = 0 as u16;
   |                            ^ this value is reassigned later and never used
...
42 | /     cursor_row = render(
43 | |         &mut stdout,
44 | |         final_sentence,
45 | |         &user_input,
...  |
48 | |         typing_duration.as_secs_f64(),
49 | |     )?;
   | |______- `cursor_row` is overwritten here before the previous value is read
   |
   = note: `#[warn(unused_assignments)]` (part of `#[warn(unused)]`) on by default

warning: unused variable: `final_sentence`
   --> src/host.rs:124:5
    |
124 |     final_sentence: &str,
    |     ^^^^^^^^^^^^^^ help: if this is intentional, prefix it with an underscore: `_final_sentence`

warning: unused variable: `final_sentence`
   --> src/host.rs:173:5
    |
173 |     final_sentence: &str,
    |     ^^^^^^^^^^^^^^ help: if this is intentional, prefix it with an underscore: `_final_sentence`

warning: unused variable: `user_input`
   --> src/host.rs:174:5
    |
174 |     user_input: &str,
    |     ^^^^^^^^^^ help: if this is intentional, prefix it with an underscore: `_user_input`

warning: `heyo` (bin "heyo") generated 6 warnings (run `cargo fix --bin "heyo" -p heyo` to apply 5 suggestions)
    Finished `dev` profile [unoptimized + debuginfo] target(s) in 0.43s
     Running `target/debug/heyo host`
